// Jest Snapshot v1, https://goo.gl/fbAQLP

exports[`Helpers/Geometry: Distance path calculate full distance by decoded path 1`] = `1780582`;

exports[`Helpers/Geometry: Distance path calculate full distance by string path 1`] = `1780582`;

exports[`Helpers/Geometry: Distance path calculate specifying an index limit point 1`] = `186707`;

exports[`Helpers/Geometry: Distance path calculate specifying an index start point 1`] = `1478985`;
